Archive member included to satisfy reference by file (symbol)

c:/program files (x86)/gnu arm embedded toolchain/10 2021.10/bin/../lib/gcc/arm-none-eabi/10.3.1/../../../../arm-none-eabi/lib/thumb/v7-m/nofp\libg.a(lib_a-malloc.o)
                              ..\obj\main.o (malloc)
c:/program files (x86)/gnu arm embedded toolchain/10 2021.10/bin/../lib/gcc/arm-none-eabi/10.3.1/../../../../arm-none-eabi/lib/thumb/v7-m/nofp\libg.a(lib_a-mallocr.o)
                              c:/program files (x86)/gnu arm embedded toolchain/10 2021.10/bin/../lib/gcc/arm-none-eabi/10.3.1/../../../../arm-none-eabi/lib/thumb/v7-m/nofp\libg.a(lib_a-malloc.o) (_malloc_r)
c:/program files (x86)/gnu arm embedded toolchain/10 2021.10/bin/../lib/gcc/arm-none-eabi/10.3.1/../../../../arm-none-eabi/lib/thumb/v7-m/nofp\libg.a(lib_a-memcpy.o)
                              ..\obj\main.o (memcpy)
c:/program files (x86)/gnu arm embedded toolchain/10 2021.10/bin/../lib/gcc/arm-none-eabi/10.3.1/../../../../arm-none-eabi/lib/thumb/v7-m/nofp\libg.a(lib_a-memset.o)
                              ..\obj\main.o (memset)
c:/program files (x86)/gnu arm embedded toolchain/10 2021.10/bin/../lib/gcc/arm-none-eabi/10.3.1/../../../../arm-none-eabi/lib/thumb/v7-m/nofp\libg.a(lib_a-mlock.o)
                              c:/program files (x86)/gnu arm embedded toolchain/10 2021.10/bin/../lib/gcc/arm-none-eabi/10.3.1/../../../../arm-none-eabi/lib/thumb/v7-m/nofp\libg.a(lib_a-mallocr.o) (__malloc_lock)
c:/program files (x86)/gnu arm embedded toolchain/10 2021.10/bin/../lib/gcc/arm-none-eabi/10.3.1/../../../../arm-none-eabi/lib/thumb/v7-m/nofp\libg.a(lib_a-sbrkr.o)
                              c:/program files (x86)/gnu arm embedded toolchain/10 2021.10/bin/../lib/gcc/arm-none-eabi/10.3.1/../../../../arm-none-eabi/lib/thumb/v7-m/nofp\libg.a(lib_a-mallocr.o) (_sbrk_r)
c:/program files (x86)/gnu arm embedded toolchain/10 2021.10/bin/../lib/gcc/arm-none-eabi/10.3.1/../../../../arm-none-eabi/lib/thumb/v7-m/nofp\libg.a(lib_a-freer.o)
                              c:/program files (x86)/gnu arm embedded toolchain/10 2021.10/bin/../lib/gcc/arm-none-eabi/10.3.1/../../../../arm-none-eabi/lib/thumb/v7-m/nofp\libg.a(lib_a-malloc.o) (_free_r)
c:/program files (x86)/gnu arm embedded toolchain/10 2021.10/bin/../lib/gcc/arm-none-eabi/10.3.1/../../../../arm-none-eabi/lib/thumb/v7-m/nofp\libg.a(lib_a-impure.o)
                              c:/program files (x86)/gnu arm embedded toolchain/10 2021.10/bin/../lib/gcc/arm-none-eabi/10.3.1/../../../../arm-none-eabi/lib/thumb/v7-m/nofp\libg.a(lib_a-malloc.o) (_impure_ptr)
c:/program files (x86)/gnu arm embedded toolchain/10 2021.10/bin/../lib/gcc/arm-none-eabi/10.3.1/../../../../arm-none-eabi/lib/thumb/v7-m/nofp\libg.a(lib_a-lock.o)
                              c:/program files (x86)/gnu arm embedded toolchain/10 2021.10/bin/../lib/gcc/arm-none-eabi/10.3.1/../../../../arm-none-eabi/lib/thumb/v7-m/nofp\libg.a(lib_a-mlock.o) (__retarget_lock_acquire_recursive)
c:/program files (x86)/gnu arm embedded toolchain/10 2021.10/bin/../lib/gcc/arm-none-eabi/10.3.1/../../../../arm-none-eabi/lib/thumb/v7-m/nofp\libg.a(lib_a-reent.o)
                              c:/program files (x86)/gnu arm embedded toolchain/10 2021.10/bin/../lib/gcc/arm-none-eabi/10.3.1/../../../../arm-none-eabi/lib/thumb/v7-m/nofp\libg.a(lib_a-sbrkr.o) (errno)

Discarded input sections

 .text          0x00000000        0x0 ..\obj\core_cm3.o
 .data          0x00000000        0x0 ..\obj\core_cm3.o
 .bss           0x00000000        0x0 ..\obj\core_cm3.o
 .text.__get_PSP
                0x00000000        0xe ..\obj\core_cm3.o
 .text.__set_PSP
                0x00000000        0xa ..\obj\core_cm3.o
 .text.__get_MSP
                0x00000000        0xe ..\obj\core_cm3.o
 .text.__set_MSP
                0x00000000        0xa ..\obj\core_cm3.o
 .text.__get_BASEPRI
                0x00000000       0x1c ..\obj\core_cm3.o
 .text.__set_BASEPRI
                0x00000000       0x18 ..\obj\core_cm3.o
 .text.__get_PRIMASK
                0x00000000       0x1c ..\obj\core_cm3.o
 .text.__set_PRIMASK
                0x00000000       0x18 ..\obj\core_cm3.o
 .text.__get_FAULTMASK
                0x00000000       0x1c ..\obj\core_cm3.o
 .text.__set_FAULTMASK
                0x00000000       0x18 ..\obj\core_cm3.o
 .text.__get_CONTROL
                0x00000000       0x1c ..\obj\core_cm3.o
 .text.__set_CONTROL
                0x00000000       0x18 ..\obj\core_cm3.o
 .text.__REV    0x00000000       0x1e ..\obj\core_cm3.o
 .text.__REV16  0x00000000       0x20 ..\obj\core_cm3.o
 .text.__REVSH  0x00000000       0x20 ..\obj\core_cm3.o
 .text.__RBIT   0x00000000       0x20 ..\obj\core_cm3.o
 .text.__LDREXB
                0x00000000       0x20 ..\obj\core_cm3.o
 .text.__LDREXH
                0x00000000       0x20 ..\obj\core_cm3.o
 .text.__LDREXW
                0x00000000       0x20 ..\obj\core_cm3.o
 .text.__STREXB
                0x00000000       0x26 ..\obj\core_cm3.o
 .text.__STREXH
                0x00000000       0x26 ..\obj\core_cm3.o
 .text.__STREXW
                0x00000000       0x24 ..\obj\core_cm3.o
 .debug_info    0x00000000      0x56e ..\obj\core_cm3.o
 .debug_abbrev  0x00000000       0xba ..\obj\core_cm3.o
 .debug_aranges
                0x00000000       0xc8 ..\obj\core_cm3.o
 .debug_ranges  0x00000000       0xb8 ..\obj\core_cm3.o
 .debug_line    0x00000000      0x3a3 ..\obj\core_cm3.o
 .debug_str     0x00000000      0x31f ..\obj\core_cm3.o
 .comment       0x00000000       0x4a ..\obj\core_cm3.o
 .debug_frame   0x00000000      0x320 ..\obj\core_cm3.o
 .ARM.attributes
                0x00000000       0x2d ..\obj\core_cm3.o
 .text          0x00000000        0x0 ..\obj\system_stm32f10x.o
 .data          0x00000000       0x14 ..\obj\system_stm32f10x.o
 .bss           0x00000000        0x0 ..\obj\system_stm32f10x.o
 .text.SystemCoreClockUpdate
                0x00000000       0xe0 ..\obj\system_stm32f10x.o
 .text          0x00000000        0x0 ..\obj\startup_stm32f10x_hd.o
 .data          0x00000000        0x0 ..\obj\startup_stm32f10x_hd.o
 .bss           0x00000000        0x0 ..\obj\startup_stm32f10x_hd.o
 .text          0x00000000        0x0 ..\obj\stm32f10x_gpio.o
 .data          0x00000000        0x0 ..\obj\stm32f10x_gpio.o
 .bss           0x00000000        0x0 ..\obj\stm32f10x_gpio.o
 .text.GPIO_DeInit
                0x00000000       0xe4 ..\obj\stm32f10x_gpio.o
 .text.GPIO_AFIODeInit
                0x00000000       0x18 ..\obj\stm32f10x_gpio.o
 .text.GPIO_StructInit
                0x00000000       0x26 ..\obj\stm32f10x_gpio.o
 .text.GPIO_ReadInputDataBit
                0x00000000       0x32 ..\obj\stm32f10x_gpio.o
 .text.GPIO_ReadInputData
                0x00000000       0x18 ..\obj\stm32f10x_gpio.o
 .text.GPIO_ReadOutputDataBit
                0x00000000       0x32 ..\obj\stm32f10x_gpio.o
 .text.GPIO_ReadOutputData
                0x00000000       0x18 ..\obj\stm32f10x_gpio.o
 .text.GPIO_SetBits
                0x00000000       0x1c ..\obj\stm32f10x_gpio.o
 .text.GPIO_ResetBits
                0x00000000       0x1c ..\obj\stm32f10x_gpio.o
 .text.GPIO_Write
                0x00000000       0x1c ..\obj\stm32f10x_gpio.o
 .text.GPIO_PinLockConfig
                0x00000000       0x42 ..\obj\stm32f10x_gpio.o
 .text.GPIO_EventOutputConfig
                0x00000000       0x4c ..\obj\stm32f10x_gpio.o
 .text.GPIO_EventOutputCmd
                0x00000000       0x20 ..\obj\stm32f10x_gpio.o
 .text.GPIO_PinRemapConfig
                0x00000000       0xe0 ..\obj\stm32f10x_gpio.o
 .text.GPIO_EXTILineConfig
                0x00000000       0x80 ..\obj\stm32f10x_gpio.o
 .text.GPIO_ETH_MediaInterfaceConfig
                0x00000000       0x1c ..\obj\stm32f10x_gpio.o
 .text          0x00000000        0x0 ..\obj\main.o
 .data          0x00000000        0x0 ..\obj\main.o
 .bss           0x00000000        0x0 ..\obj\main.o
 .text          0x00000000        0x0 ..\obj\picojpeg.o
 .data          0x00000000        0x0 ..\obj\picojpeg.o
 .text.findEOI  0x00000000       0x58 ..\obj\picojpeg.o
 .text          0x00000000        0x0 ..\obj\stm32f10x_rcc.o
 .data          0x00000000       0x14 ..\obj\stm32f10x_rcc.o
 .bss           0x00000000        0x0 ..\obj\stm32f10x_rcc.o
 .text.RCC_DeInit
                0x00000000       0x64 ..\obj\stm32f10x_rcc.o
 .text.RCC_HSEConfig
                0x00000000       0x5c ..\obj\stm32f10x_rcc.o
 .text.RCC_WaitForHSEStartUp
                0x00000000       0x50 ..\obj\stm32f10x_rcc.o
 .text.RCC_AdjustHSICalibrationValue
                0x00000000       0x3c ..\obj\stm32f10x_rcc.o
 .text.RCC_HSICmd
                0x00000000       0x20 ..\obj\stm32f10x_rcc.o
 .text.RCC_PLLConfig
                0x00000000       0x3c ..\obj\stm32f10x_rcc.o
 .text.RCC_PLLCmd
                0x00000000       0x20 ..\obj\stm32f10x_rcc.o
 .text.RCC_PREDIV1Config
                0x00000000       0x40 ..\obj\stm32f10x_rcc.o
 .text.RCC_SYSCLKConfig
                0x00000000       0x38 ..\obj\stm32f10x_rcc.o
 .text.RCC_GetSYSCLKSource
                0x00000000       0x1c ..\obj\stm32f10x_rcc.o
 .text.RCC_HCLKConfig
                0x00000000       0x38 ..\obj\stm32f10x_rcc.o
 .text.RCC_PCLK1Config
                0x00000000       0x38 ..\obj\stm32f10x_rcc.o
 .text.RCC_PCLK2Config
                0x00000000       0x38 ..\obj\stm32f10x_rcc.o
 .text.RCC_ITConfig
                0x00000000       0x4c ..\obj\stm32f10x_rcc.o
 .text.RCC_USBCLKConfig
                0x00000000       0x1c ..\obj\stm32f10x_rcc.o
 .text.RCC_ADCCLKConfig
                0x00000000       0x38 ..\obj\stm32f10x_rcc.o
 .text.RCC_LSEConfig
                0x00000000       0x40 ..\obj\stm32f10x_rcc.o
 .text.RCC_LSICmd
                0x00000000       0x20 ..\obj\stm32f10x_rcc.o
 .text.RCC_RTCCLKConfig
                0x00000000       0x24 ..\obj\stm32f10x_rcc.o
 .text.RCC_RTCCLKCmd
                0x00000000       0x20 ..\obj\stm32f10x_rcc.o
 .text.RCC_GetClocksFreq
                0x00000000      0x168 ..\obj\stm32f10x_rcc.o
 .text.RCC_AHBPeriphClockCmd
                0x00000000       0x3c ..\obj\stm32f10x_rcc.o
 .text.RCC_APB1PeriphClockCmd
                0x00000000       0x3c ..\obj\stm32f10x_rcc.o
 .text.RCC_APB2PeriphResetCmd
                0x00000000       0x3c ..\obj\stm32f10x_rcc.o
 .text.RCC_APB1PeriphResetCmd
                0x00000000       0x3c ..\obj\stm32f10x_rcc.o
 .text.RCC_BackupResetCmd
                0x00000000       0x20 ..\obj\stm32f10x_rcc.o
 .text.RCC_ClockSecuritySystemCmd
                0x00000000       0x20 ..\obj\stm32f10x_rcc.o
 .text.RCC_MCOConfig
                0x00000000       0x20 ..\obj\stm32f10x_rcc.o
 .text.RCC_GetFlagStatus
                0x00000000       0x74 ..\obj\stm32f10x_rcc.o
 .text.RCC_ClearFlag
                0x00000000       0x1c ..\obj\stm32f10x_rcc.o
 .text.RCC_GetITStatus
                0x00000000       0x34 ..\obj\stm32f10x_rcc.o
 .text.RCC_ClearITPendingBit
                0x00000000       0x20 ..\obj\stm32f10x_rcc.o
 .text          0x00000000        0x0 ..\obj\syscalls.o
 .data          0x00000000        0x0 ..\obj\syscalls.o
 .text.link     0x00000000       0x18 ..\obj\syscalls.o
 .text._close   0x00000000       0x16 ..\obj\syscalls.o
 .text._fstat   0x00000000       0x1e ..\obj\syscalls.o
 .text._isatty  0x00000000       0x14 ..\obj\syscalls.o
 .text._lseek   0x00000000       0x18 ..\obj\syscalls.o
 .text._read    0x00000000       0x18 ..\obj\syscalls.o
 .text._write   0x00000000       0x18 ..\obj\syscalls.o
 .text.abort    0x00000000        0x6 ..\obj\syscalls.o
 .text          0x00000000        0x0 ..\obj\ili9341.o
 .data          0x00000000        0x0 ..\obj\ili9341.o
 .bss           0x00000000        0x0 ..\obj\ili9341.o
 .rodata        0x00000000      0x30c ..\obj\ili9341.o
 .text.TFT_Read_Register
                0x00000000       0x80 ..\obj\ili9341.o
 .text.TFT_readID
                0x00000000       0x80 ..\obj\ili9341.o
 .text.TFT_clearScreen
                0x00000000       0x70 ..\obj\ili9341.o
 .text.TFT_fillScreen
                0x00000000       0xc8 ..\obj\ili9341.o
 .text.TFT_fillRectangle
                0x00000000       0x26 ..\obj\ili9341.o
 .text.TFT_drawLine
                0x00000000       0xc0 ..\obj\ili9341.o
 .text.TFT_drawHorizontalLine
                0x00000000       0x4e ..\obj\ili9341.o
 .text.TFT_drawVerticalLine
                0x00000000       0x4e ..\obj\ili9341.o
 .text.TFT_drawCircle
                0x00000000       0xd0 ..\obj\ili9341.o
 .text.TFT_fillCircle
                0x00000000       0xac ..\obj\ili9341.o
 .text.TFT_drawTraingle
                0x00000000       0x46 ..\obj\ili9341.o
 .text.TFT_drawChar
                0x00000000       0xb8 ..\obj\ili9341.o
 .text.TFT_drawString
                0x00000000       0x54 ..\obj\ili9341.o
 .text          0x00000000        0x0 ..\obj\stm32f10x_spi.o
 .data          0x00000000        0x0 ..\obj\stm32f10x_spi.o
 .bss           0x00000000        0x0 ..\obj\stm32f10x_spi.o
 .text.SPI_I2S_DeInit
                0x00000000       0x74 ..\obj\stm32f10x_spi.o
 .text.SPI_Init
                0x00000000       0x86 ..\obj\stm32f10x_spi.o
 .text.I2S_Init
                0x00000000      0x168 ..\obj\stm32f10x_spi.o
 .text.SPI_StructInit
                0x00000000       0x48 ..\obj\stm32f10x_spi.o
 .text.I2S_StructInit
                0x00000000       0x36 ..\obj\stm32f10x_spi.o
 .text.SPI_Cmd  0x00000000       0x3e ..\obj\stm32f10x_spi.o
 .text.I2S_Cmd  0x00000000       0x3e ..\obj\stm32f10x_spi.o
 .text.SPI_I2S_ITConfig
                0x00000000       0x60 ..\obj\stm32f10x_spi.o
 .text.SPI_I2S_DMACmd
                0x00000000       0x46 ..\obj\stm32f10x_spi.o
 .text.SPI_I2S_SendData
                0x00000000       0x1c ..\obj\stm32f10x_spi.o
 .text.SPI_I2S_ReceiveData
                0x00000000       0x18 ..\obj\stm32f10x_spi.o
 .text.SPI_NSSInternalSoftwareConfig
                0x00000000       0x42 ..\obj\stm32f10x_spi.o
 .text.SPI_SSOutputCmd
                0x00000000       0x3e ..\obj\stm32f10x_spi.o
 .text.SPI_DataSizeConfig
                0x00000000       0x36 ..\obj\stm32f10x_spi.o
 .text.SPI_TransmitCRC
                0x00000000       0x22 ..\obj\stm32f10x_spi.o
 .text.SPI_CalculateCRC
                0x00000000       0x3e ..\obj\stm32f10x_spi.o
 .text.SPI_GetCRC
                0x00000000       0x30 ..\obj\stm32f10x_spi.o
 .text.SPI_GetCRCPolynomial
                0x00000000       0x18 ..\obj\stm32f10x_spi.o
 .text.SPI_BiDirectionalLineConfig
                0x00000000       0x40 ..\obj\stm32f10x_spi.o
 .text.SPI_I2S_GetFlagStatus
                0x00000000       0x36 ..\obj\stm32f10x_spi.o
 .text.SPI_I2S_ClearFlag
                0x00000000       0x20 ..\obj\stm32f10x_spi.o
 .text.SPI_I2S_GetITStatus
                0x00000000       0x74 ..\obj\stm32f10x_spi.o
 .text.SPI_I2S_ClearITPendingBit
                0x00000000       0x32 ..\obj\stm32f10x_spi.o
 .debug_info    0x00000000      0x95a ..\obj\stm32f10x_spi.o
 .debug_abbrev  0x00000000      0x1af ..\obj\stm32f10x_spi.o
 .debug_aranges
                0x00000000       0xd0 ..\obj\stm32f10x_spi.o
 .debug_ranges  0x00000000       0xc0 ..\obj\stm32f10x_spi.o
 .debug_line    0x00000000      0x622 ..\obj\stm32f10x_spi.o
 .debug_str     0x00000000      0x62f ..\obj\stm32f10x_spi.o
 .comment       0x00000000       0x4a ..\obj\stm32f10x_spi.o
 .debug_frame   0x00000000      0x3a0 ..\obj\stm32f10x_spi.o
 .ARM.attributes
                0x00000000       0x2d ..\obj\stm32f10x_spi.o
 .text          0x00000000        0x0 c:/program files (x86)/gnu arm embedded toolchain/10 2021.10/bin/../lib/gcc/arm-none-eabi/10.3.1/../../../../arm-none-eabi/lib/thumb/v7-m/nofp\libg.a(lib_a-malloc.o)
 .data          0x00000000        0x0 c:/program files (x86)/gnu arm embedded toolchain/10 2021.10/bin/../lib/gcc/arm-none-eabi/10.3.1/../../../../arm-none-eabi/lib/thumb/v7-m/nofp\libg.a(lib_a-malloc.o)
 .bss           0x00000000        0x0 c:/program files (x86)/gnu arm embedded toolchain/10 2021.10/bin/../lib/gcc/arm-none-eabi/10.3.1/../../../../arm-none-eabi/lib/thumb/v7-m/nofp\libg.a(lib_a-malloc.o)
 .text          0x00000000        0x0 c:/program files (x86)/gnu arm embedded toolchain/10 2021.10/bin/../lib/gcc/arm-none-eabi/10.3.1/../../../../arm-none-eabi/lib/thumb/v7-m/nofp\libg.a(lib_a-mallocr.o)
 .data          0x00000000        0x0 c:/program files (x86)/gnu arm embedded toolchain/10 2021.10/bin/../lib/gcc/arm-none-eabi/10.3.1/../../../../arm-none-eabi/lib/thumb/v7-m/nofp\libg.a(lib_a-mallocr.o)
 .bss           0x00000000        0x0 c:/program files (x86)/gnu arm embedded toolchain/10 2021.10/bin/../lib/gcc/arm-none-eabi/10.3.1/../../../../arm-none-eabi/lib/thumb/v7-m/nofp\libg.a(lib_a-mallocr.o)
 .data          0x00000000        0x0 c:/program files (x86)/gnu arm embedded toolchain/10 2021.10/bin/../lib/gcc/arm-none-eabi/10.3.1/../../../../arm-none-eabi/lib/thumb/v7-m/nofp\libg.a(lib_a-memcpy.o)
 .bss           0x00000000        0x0 c:/program files (x86)/gnu arm embedded toolchain/10 2021.10/bin/../lib/gcc/arm-none-eabi/10.3.1/../../../../arm-none-eabi/lib/thumb/v7-m/nofp\libg.a(lib_a-memcpy.o)
 .text          0x00000000        0x0 c:/program files (x86)/gnu arm embedded toolchain/10 2021.10/bin/../lib/gcc/arm-none-eabi/10.3.1/../../../../arm-none-eabi/lib/thumb/v7-m/nofp\libg.a(lib_a-memset.o)
 .data          0x00000000        0x0 c:/program files (x86)/gnu arm embedded toolchain/10 2021.10/bin/../lib/gcc/arm-none-eabi/10.3.1/../../../../arm-none-eabi/lib/thumb/v7-m/nofp\libg.a(lib_a-memset.o)
 .bss           0x00000000        0x0 c:/program files (x86)/gnu arm embedded toolchain/10 2021.10/bin/../lib/gcc/arm-none-eabi/10.3.1/../../../../arm-none-eabi/lib/thumb/v7-m/nofp\libg.a(lib_a-memset.o)
 .text          0x00000000        0x0 c:/program files (x86)/gnu arm embedded toolchain/10 2021.10/bin/../lib/gcc/arm-none-eabi/10.3.1/../../../../arm-none-eabi/lib/thumb/v7-m/nofp\libg.a(lib_a-mlock.o)
 .data          0x00000000        0x0 c:/program files (x86)/gnu arm embedded toolchain/10 2021.10/bin/../lib/gcc/arm-none-eabi/10.3.1/../../../../arm-none-eabi/lib/thumb/v7-m/nofp\libg.a(lib_a-mlock.o)
 .bss           0x00000000        0x0 c:/program files (x86)/gnu arm embedded toolchain/10 2021.10/bin/../lib/gcc/arm-none-eabi/10.3.1/../../../../arm-none-eabi/lib/thumb/v7-m/nofp\libg.a(lib_a-mlock.o)
 .text          0x00000000        0x0 c:/program files (x86)/gnu arm embedded toolchain/10 2021.10/bin/../lib/gcc/arm-none-eabi/10.3.1/../../../../arm-none-eabi/lib/thumb/v7-m/nofp\libg.a(lib_a-sbrkr.o)
 .data          0x00000000        0x0 c:/program files (x86)/gnu arm embedded toolchain/10 2021.10/bin/../lib/gcc/arm-none-eabi/10.3.1/../../../../arm-none-eabi/lib/thumb/v7-m/nofp\libg.a(lib_a-sbrkr.o)
 .bss           0x00000000        0x0 c:/program files (x86)/gnu arm embedded toolchain/10 2021.10/bin/../lib/gcc/arm-none-eabi/10.3.1/../../../../arm-none-eabi/lib/thumb/v7-m/nofp\libg.a(lib_a-sbrkr.o)
 .text          0x00000000        0x0 c:/program files (x86)/gnu arm embedded toolchain/10 2021.10/bin/../lib/gcc/arm-none-eabi/10.3.1/../../../../arm-none-eabi/lib/thumb/v7-m/nofp\libg.a(lib_a-freer.o)
 .data          0x00000000        0x0 c:/program files (x86)/gnu arm embedded toolchain/10 2021.10/bin/../lib/gcc/arm-none-eabi/10.3.1/../../../../arm-none-eabi/lib/thumb/v7-m/nofp\libg.a(lib_a-freer.o)
 .bss           0x00000000        0x0 c:/program files (x86)/gnu arm embedded toolchain/10 2021.10/bin/../lib/gcc/arm-none-eabi/10.3.1/../../../../arm-none-eabi/lib/thumb/v7-m/nofp\libg.a(lib_a-freer.o)
 .text          0x00000000        0x0 c:/program files (x86)/gnu arm embedded toolchain/10 2021.10/bin/../lib/gcc/arm-none-eabi/10.3.1/../../../../arm-none-eabi/lib/thumb/v7-m/nofp\libg.a(lib_a-impure.o)
 .data          0x00000000        0x0 c:/program files (x86)/gnu arm embedded toolchain/10 2021.10/bin/../lib/gcc/arm-none-eabi/10.3.1/../../../../arm-none-eabi/lib/thumb/v7-m/nofp\libg.a(lib_a-impure.o)
 .bss           0x00000000        0x0 c:/program files (x86)/gnu arm embedded toolchain/10 2021.10/bin/../lib/gcc/arm-none-eabi/10.3.1/../../../../arm-none-eabi/lib/thumb/v7-m/nofp\libg.a(lib_a-impure.o)
 .rodata._global_impure_ptr
                0x00000000        0x4 c:/program files (x86)/gnu arm embedded toolchain/10 2021.10/bin/../lib/gcc/arm-none-eabi/10.3.1/../../../../arm-none-eabi/lib/thumb/v7-m/nofp\libg.a(lib_a-impure.o)
 .text          0x00000000        0x0 c:/program files (x86)/gnu arm embedded toolchain/10 2021.10/bin/../lib/gcc/arm-none-eabi/10.3.1/../../../../arm-none-eabi/lib/thumb/v7-m/nofp\libg.a(lib_a-lock.o)
 .data          0x00000000        0x0 c:/program files (x86)/gnu arm embedded toolchain/10 2021.10/bin/../lib/gcc/arm-none-eabi/10.3.1/../../../../arm-none-eabi/lib/thumb/v7-m/nofp\libg.a(lib_a-lock.o)
 .bss           0x00000000        0x0 c:/program files (x86)/gnu arm embedded toolchain/10 2021.10/bin/../lib/gcc/arm-none-eabi/10.3.1/../../../../arm-none-eabi/lib/thumb/v7-m/nofp\libg.a(lib_a-lock.o)
 .text.__retarget_lock_init
                0x00000000        0x4 c:/program files (x86)/gnu arm embedded toolchain/10 2021.10/bin/../lib/gcc/arm-none-eabi/10.3.1/../../../../arm-none-eabi/lib/thumb/v7-m/nofp\libg.a(lib_a-lock.o)
 .text.__retarget_lock_init_recursive
                0x00000000        0x4 c:/program files (x86)/gnu arm embedded toolchain/10 2021.10/bin/../lib/gcc/arm-none-eabi/10.3.1/../../../../arm-none-eabi/lib/thumb/v7-m/nofp\libg.a(lib_a-lock.o)
 .text.__retarget_lock_close
                0x00000000        0x4 c:/program files (x86)/gnu arm embedded toolchain/10 2021.10/bin/../lib/gcc/arm-none-eabi/10.3.1/../../../../arm-none-eabi/lib/thumb/v7-m/nofp\libg.a(lib_a-lock.o)
 .text.__retarget_lock_close_recursive
                0x00000000        0x4 c:/program files (x86)/gnu arm embedded toolchain/10 2021.10/bin/../lib/gcc/arm-none-eabi/10.3.1/../../../../arm-none-eabi/lib/thumb/v7-m/nofp\libg.a(lib_a-lock.o)
 .text.__retarget_lock_acquire
                0x00000000        0x4 c:/program files (x86)/gnu arm embedded toolchain/10 2021.10/bin/../lib/gcc/arm-none-eabi/10.3.1/../../../../arm-none-eabi/lib/thumb/v7-m/nofp\libg.a(lib_a-lock.o)
 .text.__retarget_lock_try_acquire
                0x00000000        0x4 c:/program files (x86)/gnu arm embedded toolchain/10 2021.10/bin/../lib/gcc/arm-none-eabi/10.3.1/../../../../arm-none-eabi/lib/thumb/v7-m/nofp\libg.a(lib_a-lock.o)
 .text.__retarget_lock_try_acquire_recursive
                0x00000000        0x4 c:/program files (x86)/gnu arm embedded toolchain/10 2021.10/bin/../lib/gcc/arm-none-eabi/10.3.1/../../../../arm-none-eabi/lib/thumb/v7-m/nofp\libg.a(lib_a-lock.o)
 .text.__retarget_lock_release
                0x00000000        0x4 c:/program files (x86)/gnu arm embedded toolchain/10 2021.10/bin/../lib/gcc/arm-none-eabi/10.3.1/../../../../arm-none-eabi/lib/thumb/v7-m/nofp\libg.a(lib_a-lock.o)
 .bss.__lock___arc4random_mutex
                0x00000000        0x1 c:/program files (x86)/gnu arm embedded toolchain/10 2021.10/bin/../lib/gcc/arm-none-eabi/10.3.1/../../../../arm-none-eabi/lib/thumb/v7-m/nofp\libg.a(lib_a-lock.o)
 .bss.__lock___at_quick_exit_mutex
                0x00000000        0x1 c:/program files (x86)/gnu arm embedded toolchain/10 2021.10/bin/../lib/gcc/arm-none-eabi/10.3.1/../../../../arm-none-eabi/lib/thumb/v7-m/nofp\libg.a(lib_a-lock.o)
 .bss.__lock___atexit_recursive_mutex
                0x00000000        0x1 c:/program files (x86)/gnu arm embedded toolchain/10 2021.10/bin/../lib/gcc/arm-none-eabi/10.3.1/../../../../arm-none-eabi/lib/thumb/v7-m/nofp\libg.a(lib_a-lock.o)
 .bss.__lock___dd_hash_mutex
                0x00000000        0x1 c:/program files (x86)/gnu arm embedded toolchain/10 2021.10/bin/../lib/gcc/arm-none-eabi/10.3.1/../../../../arm-none-eabi/lib/thumb/v7-m/nofp\libg.a(lib_a-lock.o)
 .bss.__lock___env_recursive_mutex
                0x00000000        0x1 c:/program files (x86)/gnu arm embedded toolchain/10 2021.10/bin/../lib/gcc/arm-none-eabi/10.3.1/../../../../arm-none-eabi/lib/thumb/v7-m/nofp\libg.a(lib_a-lock.o)
 .bss.__lock___sfp_recursive_mutex
                0x00000000        0x1 c:/program files (x86)/gnu arm embedded toolchain/10 2021.10/bin/../lib/gcc/arm-none-eabi/10.3.1/../../../../arm-none-eabi/lib/thumb/v7-m/nofp\libg.a(lib_a-lock.o)
 .bss.__lock___sinit_recursive_mutex
                0x00000000        0x1 c:/program files (x86)/gnu arm embedded toolchain/10 2021.10/bin/../lib/gcc/arm-none-eabi/10.3.1/../../../../arm-none-eabi/lib/thumb/v7-m/nofp\libg.a(lib_a-lock.o)
 .bss.__lock___tz_mutex
                0x00000000        0x1 c:/program files (x86)/gnu arm embedded toolchain/10 2021.10/bin/../lib/gcc/arm-none-eabi/10.3.1/../../../../arm-none-eabi/lib/thumb/v7-m/nofp\libg.a(lib_a-lock.o)
 .text          0x00000000        0x0 c:/program files (x86)/gnu arm embedded toolchain/10 2021.10/bin/../lib/gcc/arm-none-eabi/10.3.1/../../../../arm-none-eabi/lib/thumb/v7-m/nofp\libg.a(lib_a-reent.o)
 .data          0x00000000        0x0 c:/program files (x86)/gnu arm embedded toolchain/10 2021.10/bin/../lib/gcc/arm-none-eabi/10.3.1/../../../../arm-none-eabi/lib/thumb/v7-m/nofp\libg.a(lib_a-reent.o)
 .bss           0x00000000        0x0 c:/program files (x86)/gnu arm embedded toolchain/10 2021.10/bin/../lib/gcc/arm-none-eabi/10.3.1/../../../../arm-none-eabi/lib/thumb/v7-m/nofp\libg.a(lib_a-reent.o)
 .text.cleanup_glue
                0x00000000       0x48 c:/program files (x86)/gnu arm embedded toolchain/10 2021.10/bin/../lib/gcc/arm-none-eabi/10.3.1/../../../../arm-none-eabi/lib/thumb/v7-m/nofp\libg.a(lib_a-reent.o)
 .text._reclaim_reent
                0x00000000       0x90 c:/program files (x86)/gnu arm embedded toolchain/10 2021.10/bin/../lib/gcc/arm-none-eabi/10.3.1/../../../../arm-none-eabi/lib/thumb/v7-m/nofp\libg.a(lib_a-reent.o)

Memory Configuration

Name             Origin             Length             Attributes
rom              0x08000000         0x00020000         xr
ram              0x20000000         0x00002000         xrw
*default*        0x00000000         0xffffffff

Linker script and memory map

                0x20002000                _eram = 0x20002000

.text           0x08000000     0xed10
 *(.isr_vector)
 .isr_vector    0x08000000      0x134 ..\obj\startup_stm32f10x_hd.o
                0x08000000                g_pfnVectors
 *(.text*)
 .text.SystemInit
                0x08000134       0x70 ..\obj\system_stm32f10x.o
                0x08000134                SystemInit
 .text.SetSysClock
                0x080001a4        0xc ..\obj\system_stm32f10x.o
 .text.SetSysClockTo24
                0x080001b0       0xd4 ..\obj\system_stm32f10x.o
 .text.Default_Reset_Handler
                0x08000284       0x60 ..\obj\startup_stm32f10x_hd.o
                0x08000284                Default_Reset_Handler
                0x08000284                Reset_Handler
 .text.Default_Handler
                0x080002e4        0x6 ..\obj\startup_stm32f10x_hd.o
                0x080002e4                EXTI2_IRQHandler
                0x080002e4                TIM8_TRG_COM_IRQHandler
                0x080002e4                TIM8_CC_IRQHandler
                0x080002e4                DebugMon_Handler
                0x080002e4                TIM1_CC_IRQHandler
                0x080002e4                HardFault_Handler
                0x080002e4                TIM6_IRQHandler
                0x080002e4                SysTick_Handler
                0x080002e4                PVD_IRQHandler
                0x080002e4                SDIO_IRQHandler
                0x080002e4                PendSV_Handler
                0x080002e4                NMI_Handler
                0x080002e4                EXTI3_IRQHandler
                0x080002e4                EXTI0_IRQHandler
                0x080002e4                I2C2_EV_IRQHandler
                0x080002e4                UsageFault_Handler
                0x080002e4                ADC1_2_IRQHandler
                0x080002e4                SPI1_IRQHandler
                0x080002e4                TAMPER_IRQHandler
                0x080002e4                TIM8_UP_IRQHandler
                0x080002e4                DMA2_Channel2_IRQHandler
                0x080002e4                DMA1_Channel4_IRQHandler
                0x080002e4                USART3_IRQHandler
                0x080002e4                RTC_IRQHandler
                0x080002e4                DMA1_Channel7_IRQHandler
                0x080002e4                CAN1_RX1_IRQHandler
                0x080002e4                UART5_IRQHandler
                0x080002e4                ADC3_IRQHandler
                0x080002e4                TIM4_IRQHandler
                0x080002e4                DMA2_Channel1_IRQHandler
                0x080002e4                I2C1_EV_IRQHandler
                0x080002e4                DMA1_Channel6_IRQHandler
                0x080002e4                UART4_IRQHandler
                0x080002e4                TIM3_IRQHandler
                0x080002e4                RCC_IRQHandler
                0x080002e4                TIM1_TRG_COM_IRQHandler
                0x080002e4                DMA1_Channel1_IRQHandler
                0x080002e4                EXTI15_10_IRQHandler
                0x080002e4                TIM7_IRQHandler
                0x080002e4                TIM5_IRQHandler
                0x080002e4                EXTI9_5_IRQHandler
                0x080002e4                SPI2_IRQHandler
                0x080002e4                MemManage_Handler
                0x080002e4                SVC_Handler
                0x080002e4                DMA1_Channel5_IRQHandler
                0x080002e4                EXTI4_IRQHandler
                0x080002e4                USB_LP_CAN1_RX0_IRQHandler
                0x080002e4                USB_HP_CAN1_TX_IRQHandler
                0x080002e4                DMA1_Channel3_IRQHandler
                0x080002e4                FSMC_IRQHandler
                0x080002e4                TIM1_UP_IRQHandler
                0x080002e4                WWDG_IRQHandler
                0x080002e4                TIM2_IRQHandler
                0x080002e4                TIM1_BRK_IRQHandler
                0x080002e4                EXTI1_IRQHandler
                0x080002e4                RTCAlarm_IRQHandler
                0x080002e4                DMA2_Channel4_5_IRQHandler
                0x080002e4                USART2_IRQHandler
                0x080002e4                I2C2_ER_IRQHandler
                0x080002e4                DMA1_Channel2_IRQHandler
                0x080002e4                TIM8_BRK_IRQHandler
                0x080002e4                CAN1_SCE_IRQHandler
                0x080002e4                FLASH_IRQHandler
                0x080002e4                BusFault_Handler
                0x080002e4                USART1_IRQHandler
                0x080002e4                SPI3_IRQHandler
                0x080002e4                I2C1_ER_IRQHandler
                0x080002e4                USBWakeUp_IRQHandler
                0x080002e4                DMA2_Channel3_IRQHandler
 .text.GPIO_Init
                0x080002ea      0x178 ..\obj\stm32f10x_gpio.o
                0x080002ea                GPIO_Init
 .text.GPIO_WriteBit
                0x08000462       0x2e ..\obj\stm32f10x_gpio.o
                0x08000462                GPIO_WriteBit
 .text.drawRGBBitmap
                0x08000490       0x8e ..\obj\main.o
                0x08000490                drawRGBBitmap
 .text.pjpeg_need_bytes_callback
                0x0800051e       0x5e ..\obj\main.o
                0x0800051e                pjpeg_need_bytes_callback
 .text.jpeg_decode_buffer
                0x0800057c      0x26a ..\obj\main.o
                0x0800057c                jpeg_decode_buffer
 .text.jpeg_show
                0x080007e6      0x26e ..\obj\main.o
                0x080007e6                jpeg_show
 .text.main     0x08000a54      0x104 ..\obj\main.o
                0x08000a54                main
 .text.fillInBuf
                0x08000b58       0x60 ..\obj\picojpeg.o
 .text.getChar  0x08000bb8       0x68 ..\obj\picojpeg.o
 .text.stuffChar
                0x08000c20       0x44 ..\obj\picojpeg.o
 .text.getOctet
                0x08000c64       0x44 ..\obj\picojpeg.o
 .text.getBits  0x08000ca8      0x124 ..\obj\picojpeg.o
 .text.getBits1
                0x08000dcc       0x1e ..\obj\picojpeg.o
 .text.getBits2
                0x08000dea       0x1e ..\obj\picojpeg.o
 .text.getBit   0x08000e08       0x6c ..\obj\picojpeg.o
 .text.getExtendTest
                0x08000e74       0xb4 ..\obj\picojpeg.o
 .text.getExtendOffset
                0x08000f28       0xd0 ..\obj\picojpeg.o
 .text.huffExtend
                0x08000ff8       0x44 ..\obj\picojpeg.o
 .text.huffDecode
                0x0800103c       0x90 ..\obj\picojpeg.o
 .text.huffCreate
                0x080010cc       0xac ..\obj\picojpeg.o
 .text.getHuffTable
                0x08001178       0x54 ..\obj\picojpeg.o
 .text.getHuffVal
                0x080011cc       0x54 ..\obj\picojpeg.o
 .text.getMaxHuffCodes
                0x08001220       0x20 ..\obj\picojpeg.o
 .text.readDHTMarker
                0x08001240      0x168 ..\obj\picojpeg.o
 .text.readDQTMarker
                0x080013a8      0x108 ..\obj\picojpeg.o
 .text.readSOFMarker
                0x080014b0      0x12c ..\obj\picojpeg.o
 .text.skipVariableMarker
                0x080015dc       0x3e ..\obj\picojpeg.o
 *fill*         0x0800161a        0x2 
 .text.readDRIMarker
                0x0800161c       0x2c ..\obj\picojpeg.o
 .text.readSOSMarker
                0x08001648      0x130 ..\obj\picojpeg.o
 .text.nextMarker
                0x08001778       0x40 ..\obj\picojpeg.o
 .text.processMarkers
                0x080017b8       0xdc ..\obj\picojpeg.o
 .text.locateSOIMarker
                0x08001894       0x88 ..\obj\picojpeg.o
 .text.locateSOFMarker
                0x0800191c       0x6a ..\obj\picojpeg.o
 .text.locateSOSMarker
                0x08001986       0x4e ..\obj\picojpeg.o
 .text.init     0x080019d4       0x90 ..\obj\picojpeg.o
 .text.fixInBuffer
                0x08001a64       0x48 ..\obj\picojpeg.o
 .text.processRestart
                0x08001aac       0xcc ..\obj\picojpeg.o
 .text.checkHuffTables
                0x08001b78       0x88 ..\obj\picojpeg.o
 .text.checkQuantTables
                0x08001c00       0x64 ..\obj\picojpeg.o
 .text.initScan
                0x08001c64       0x90 ..\obj\picojpeg.o
 .text.initFrame
                0x08001cf4      0x220 ..\obj\picojpeg.o
 .text.createWinogradQuant
                0x08001f14       0x5c ..\obj\picojpeg.o
 .text.imul_b1_b3
                0x08001f70       0x2e ..\obj\picojpeg.o
 .text.imul_b2  0x08001f9e       0x2e ..\obj\picojpeg.o
 .text.imul_b4  0x08001fcc       0x2e ..\obj\picojpeg.o
 .text.imul_b5  0x08001ffa       0x2c ..\obj\picojpeg.o
 .text.clamp    0x08002026       0x36 ..\obj\picojpeg.o
 .text.idctRows
                0x0800205c      0x28c ..\obj\picojpeg.o
 .text.idctCols
                0x080022e8      0x37c ..\obj\picojpeg.o
 .text.addAndClamp
                0x08002664       0x48 ..\obj\picojpeg.o
 .text.subAndClamp
                0x080026ac       0x48 ..\obj\picojpeg.o
 .text.upsampleCb
                0x080026f4      0x194 ..\obj\picojpeg.o
 .text.upsampleCbH
                0x08002888      0x114 ..\obj\picojpeg.o
 .text.upsampleCbV
                0x0800299c      0x11c ..\obj\picojpeg.o
 .text.upsampleCr
                0x08002ab8      0x194 ..\obj\picojpeg.o
 .text.upsampleCrH
                0x08002c4c      0x114 ..\obj\picojpeg.o
 .text.upsampleCrV
                0x08002d60      0x11c ..\obj\picojpeg.o
 .text.copyY    0x08002e7c       0x80 ..\obj\picojpeg.o
 .text.convertCb
                0x08002efc       0xb4 ..\obj\picojpeg.o
 .text.convertCr
                0x08002fb0       0xb4 ..\obj\picojpeg.o
 .text.transformBlock
                0x08003064      0x1c0 ..\obj\picojpeg.o
 .text.transformBlockReduce
                0x08003224      0x70c ..\obj\picojpeg.o
 .text.decodeNextMCU
                0x08003930      0x354 ..\obj\picojpeg.o
 .text.pjpeg_decode_mcu
                0x08003c84       0x68 ..\obj\picojpeg.o
                0x08003c84                pjpeg_decode_mcu
 .text.pjpeg_decode_init
                0x08003cec      0x1ac ..\obj\picojpeg.o
                0x08003cec                pjpeg_decode_init
 .text.RCC_APB2PeriphClockCmd
                0x08003e98       0x3c ..\obj\stm32f10x_rcc.o
                0x08003e98                RCC_APB2PeriphClockCmd
 .text._sbrk    0x08003ed4       0x3c ..\obj\syscalls.o
                0x08003ed4                _sbrk
 .text.TFT_sendByte
                0x08003f10       0x74 ..\obj\ili9341.o
                0x08003f10                TFT_sendByte
 .text.TFT_sendWord
                0x08003f84       0x4c ..\obj\ili9341.o
                0x08003f84                TFT_sendWord
 .text.TFT_sendCMD
                0x08003fd0       0x40 ..\obj\ili9341.o
                0x08003fd0                TFT_sendCMD
 .text.TFT_sendDATA
                0x08004010       0x40 ..\obj\ili9341.o
                0x08004010                TFT_sendDATA
 .text.TFT_init
                0x08004050      0x290 ..\obj\ili9341.o
                0x08004050                TFT_init
 .text.TFT_led  0x080042e0       0x30 ..\obj\ili9341.o
                0x080042e0                TFT_led
 .text.TFT_setCol
                0x08004310       0x24 ..\obj\ili9341.o
                0x08004310                TFT_setCol
 .text.TFT_setPage
                0x08004334       0x24 ..\obj\ili9341.o
                0x08004334                TFT_setPage
 .text.TFT_setXY
                0x08004358       0x28 ..\obj\ili9341.o
                0x08004358                TFT_setXY
 .text.TFT_rgb2color
                0x08004380       0x2e ..\obj\ili9341.o
                0x08004380                TFT_rgb2color
 .text.TFT_setPixel
                0x080043ae       0x22 ..\obj\ili9341.o
                0x080043ae                TFT_setPixel
 .text.malloc   0x080043d0       0x10 c:/program files (x86)/gnu arm embedded toolchain/10 2021.10/bin/../lib/gcc/arm-none-eabi/10.3.1/../../../../arm-none-eabi/lib/thumb/v7-m/nofp\libg.a(lib_a-malloc.o)
                0x080043d0                malloc
 .text.free     0x080043e0       0x10 c:/program files (x86)/gnu arm embedded toolchain/10 2021.10/bin/../lib/gcc/arm-none-eabi/10.3.1/../../../../arm-none-eabi/lib/thumb/v7-m/nofp\libg.a(lib_a-malloc.o)
                0x080043e0                free
 .text._malloc_r
                0x080043f0      0x558 c:/program files (x86)/gnu arm embedded toolchain/10 2021.10/bin/../lib/gcc/arm-none-eabi/10.3.1/../../../../arm-none-eabi/lib/thumb/v7-m/nofp\libg.a(lib_a-mallocr.o)
                0x080043f0                _malloc_r
 .text          0x08004948       0xec c:/program files (x86)/gnu arm embedded toolchain/10 2021.10/bin/../lib/gcc/arm-none-eabi/10.3.1/../../../../arm-none-eabi/lib/thumb/v7-m/nofp\libg.a(lib_a-memcpy.o)
                0x08004948                memcpy
 .text.memset   0x08004a34       0xa4 c:/program files (x86)/gnu arm embedded toolchain/10 2021.10/bin/../lib/gcc/arm-none-eabi/10.3.1/../../../../arm-none-eabi/lib/thumb/v7-m/nofp\libg.a(lib_a-memset.o)
                0x08004a34                memset
 .text.__malloc_lock
                0x08004ad8        0xc c:/program files (x86)/gnu arm embedded toolchain/10 2021.10/bin/../lib/gcc/arm-none-eabi/10.3.1/../../../../arm-none-eabi/lib/thumb/v7-m/nofp\libg.a(lib_a-mlock.o)
                0x08004ad8                __malloc_lock
 .text.__malloc_unlock
                0x08004ae4        0xc c:/program files (x86)/gnu arm embedded toolchain/10 2021.10/bin/../lib/gcc/arm-none-eabi/10.3.1/../../../../arm-none-eabi/lib/thumb/v7-m/nofp\libg.a(lib_a-mlock.o)
                0x08004ae4                __malloc_unlock
 .text._sbrk_r  0x08004af0       0x24 c:/program files (x86)/gnu arm embedded toolchain/10 2021.10/bin/../lib/gcc/arm-none-eabi/10.3.1/../../../../arm-none-eabi/lib/thumb/v7-m/nofp\libg.a(lib_a-sbrkr.o)
                0x08004af0                _sbrk_r
 .text._malloc_trim_r
                0x08004b14       0xa0 c:/program files (x86)/gnu arm embedded toolchain/10 2021.10/bin/../lib/gcc/arm-none-eabi/10.3.1/../../../../arm-none-eabi/lib/thumb/v7-m/nofp\libg.a(lib_a-freer.o)
                0x08004b14                _malloc_trim_r
 .text._free_r  0x08004bb4      0x200 c:/program files (x86)/gnu arm embedded toolchain/10 2021.10/bin/../lib/gcc/arm-none-eabi/10.3.1/../../../../arm-none-eabi/lib/thumb/v7-m/nofp\libg.a(lib_a-freer.o)
                0x08004bb4                _free_r
 .text.__retarget_lock_acquire_recursive
                0x08004db4        0x4 c:/program files (x86)/gnu arm embedded toolchain/10 2021.10/bin/../lib/gcc/arm-none-eabi/10.3.1/../../../../arm-none-eabi/lib/thumb/v7-m/nofp\libg.a(lib_a-lock.o)
                0x08004db4                __retarget_lock_acquire_recursive
 .text.__retarget_lock_release_recursive
                0x08004db8        0x4 c:/program files (x86)/gnu arm embedded toolchain/10 2021.10/bin/../lib/gcc/arm-none-eabi/10.3.1/../../../../arm-none-eabi/lib/thumb/v7-m/nofp\libg.a(lib_a-lock.o)
                0x08004db8                __retarget_lock_release_recursive
 *(.init)
 *(.fini)
 *crtbegin.o(.ctors)
 *crtbegin?.o(.ctors)
 *(EXCLUDE_FILE(*crtend.o *crtend?.o) .ctors)
 *(SORT_BY_NAME(.ctors.*))
 *(.ctors)
 *crtbegin.o(.dtors)
 *crtbegin?.o(.dtors)
 *(EXCLUDE_FILE(*crtend.o *crtend?.o) .dtors)
 *(SORT_BY_NAME(.dtors.*))
 *(.dtors)
 *(.rodata*)
 .rodata        0x08004dbc     0x9ed3 ..\obj\main.o
                0x08004dbc                signal_jpg_size
                0x08004dc0                signal_jpg
                0x08008070                bw_jpg_size
                0x08008074                bw_jpg
 *fill*         0x0800ec8f        0x1 
 .rodata        0x0800ec90       0x80 ..\obj\picojpeg.o
                0x0800ecd0                gWinogradQuant
 *(.eh_fram e*)

.glue_7         0x0800ed10        0x0
 .glue_7        0x0800ed10        0x0 linker stubs

.glue_7t        0x0800ed10        0x0
 .glue_7t       0x0800ed10        0x0 linker stubs

.vfp11_veneer   0x0800ed10        0x0
 .vfp11_veneer  0x0800ed10        0x0 linker stubs

.v4_bx          0x0800ed10        0x0
 .v4_bx         0x0800ed10        0x0 linker stubs

.iplt           0x0800ed10        0x0
 .iplt          0x0800ed10        0x0 ..\obj\system_stm32f10x.o

.rel.dyn        0x0800ed10        0x0
 .rel.iplt      0x0800ed10        0x0 ..\obj\system_stm32f10x.o

.ARM.extab
 *(.ARM.extab* .gnu.linkonce.armextab.*)
                0x0800ed10                __exidx_start = .

.ARM.exidx
 *(.ARM.exidx* .gnu.linkonce.armexidx.*)
                0x0800ed10                __exidx_end = .
                0x0800ed10                __etext = .
                0x0800ed10                _sidata = __etext

.data           0x20000000      0x840 load address 0x0800ed10
                0x20000000                __data_start__ = .
                0x20000000                _sdata = __data_start__
 *(vtable)
 *(.data*)
 .data.__malloc_av_
                0x20000000      0x408 c:/program files (x86)/gnu arm embedded toolchain/10 2021.10/bin/../lib/gcc/arm-none-eabi/10.3.1/../../../../arm-none-eabi/lib/thumb/v7-m/nofp\libg.a(lib_a-mallocr.o)
                0x20000000                __malloc_av_
 .data.__malloc_sbrk_base
                0x20000408        0x4 c:/program files (x86)/gnu arm embedded toolchain/10 2021.10/bin/../lib/gcc/arm-none-eabi/10.3.1/../../../../arm-none-eabi/lib/thumb/v7-m/nofp\libg.a(lib_a-mallocr.o)
                0x20000408                __malloc_sbrk_base
 .data.__malloc_trim_threshold
                0x2000040c        0x4 c:/program files (x86)/gnu arm embedded toolchain/10 2021.10/bin/../lib/gcc/arm-none-eabi/10.3.1/../../../../arm-none-eabi/lib/thumb/v7-m/nofp\libg.a(lib_a-mallocr.o)
                0x2000040c                __malloc_trim_threshold
 .data._impure_ptr
                0x20000410        0x4 c:/program files (x86)/gnu arm embedded toolchain/10 2021.10/bin/../lib/gcc/arm-none-eabi/10.3.1/../../../../arm-none-eabi/lib/thumb/v7-m/nofp\libg.a(lib_a-impure.o)
                0x20000410                _impure_ptr
 *fill*         0x20000414        0x4 
 .data.impure_data
                0x20000418      0x428 c:/program files (x86)/gnu arm embedded toolchain/10 2021.10/bin/../lib/gcc/arm-none-eabi/10.3.1/../../../../arm-none-eabi/lib/thumb/v7-m/nofp\libg.a(lib_a-impure.o)
                0x20000840                . = ALIGN (0x4)
                [!provide]                PROVIDE (__preinit_array_start = .)
 *(.preinit_array)
                [!provide]                PROVIDE (__preinit_array_end = .)
                0x20000840                . = ALIGN (0x4)
                [!provide]                PROVIDE (__init_array_start = .)
 *(SORT_BY_NAME(.init_array.*))
 *(.init_array)
                [!provide]                PROVIDE (__init_array_end = .)
                0x20000840                . = ALIGN (0x4)
                [!provide]                PROVIDE (__fini_array_start = .)
 *(SORT_BY_NAME(.fini_array.*))
 *(.fini_array)
                [!provide]                PROVIDE (__fini_array_end = .)
 *(.jcr*)
                0x20000840                . = ALIGN (0x4)
                0x20000840                __data_end__ = .
                0x20000840                _edata = __data_end__

.igot.plt       0x20000840        0x0 load address 0x0800f550
 .igot.plt      0x20000840        0x0 ..\obj\system_stm32f10x.o

.bss            0x20000840      0x97c load address 0x0800f550
                0x20000840                . = ALIGN (0x4)
                0x20000840                __bss_start__ = .
                0x20000840                _sbss = __bss_start__
 *(.bss*)
 .bss           0x20000840      0x93a ..\obj\picojpeg.o
 *fill*         0x2000117a        0x2 
 .bss           0x2000117c        0x4 ..\obj\syscalls.o
 .bss.__malloc_current_mallinfo
                0x20001180       0x28 c:/program files (x86)/gnu arm embedded toolchain/10 2021.10/bin/../lib/gcc/arm-none-eabi/10.3.1/../../../../arm-none-eabi/lib/thumb/v7-m/nofp\libg.a(lib_a-mallocr.o)
                0x20001180                __malloc_current_mallinfo
 .bss.__malloc_max_sbrked_mem
                0x200011a8        0x4 c:/program files (x86)/gnu arm embedded toolchain/10 2021.10/bin/../lib/gcc/arm-none-eabi/10.3.1/../../../../arm-none-eabi/lib/thumb/v7-m/nofp\libg.a(lib_a-mallocr.o)
                0x200011a8                __malloc_max_sbrked_mem
 .bss.__malloc_max_total_mem
                0x200011ac        0x4 c:/program files (x86)/gnu arm embedded toolchain/10 2021.10/bin/../lib/gcc/arm-none-eabi/10.3.1/../../../../arm-none-eabi/lib/thumb/v7-m/nofp\libg.a(lib_a-mallocr.o)
                0x200011ac                __malloc_max_total_mem
 .bss.__malloc_top_pad
                0x200011b0        0x4 c:/program files (x86)/gnu arm embedded toolchain/10 2021.10/bin/../lib/gcc/arm-none-eabi/10.3.1/../../../../arm-none-eabi/lib/thumb/v7-m/nofp\libg.a(lib_a-mallocr.o)
                0x200011b0                __malloc_top_pad
 .bss.__lock___malloc_recursive_mutex
                0x200011b4        0x1 c:/program files (x86)/gnu arm embedded toolchain/10 2021.10/bin/../lib/gcc/arm-none-eabi/10.3.1/../../../../arm-none-eabi/lib/thumb/v7-m/nofp\libg.a(lib_a-lock.o)
                0x200011b4                __lock___malloc_recursive_mutex
 *fill*         0x200011b5        0x3 
 .bss.errno     0x200011b8        0x4 c:/program files (x86)/gnu arm embedded toolchain/10 2021.10/bin/../lib/gcc/arm-none-eabi/10.3.1/../../../../arm-none-eabi/lib/thumb/v7-m/nofp\libg.a(lib_a-reent.o)
                0x200011b8                errno
 *(COMMON)
                0x200011bc                . = ALIGN (0x4)
                0x200011bc                __bss_end__ = .
                0x200011bc                _ebss = __bss_end__

.heap           0x200011bc        0x0
                0x200011bc                __end__ = .
                0x200011bc                _end = __end__
                0x200011bc                end = __end__
 *(.heap*)
                0x200011bc                __HeapLimit = .

.co_stack       0x200011bc      0x404 load address 0x0800fecc
                0x200011c0                . = ALIGN (0x8)
 *fill*         0x200011bc        0x4 
 *(.co_stack .co_stack.*)
 .co_stack      0x200011c0      0x400 ..\obj\startup_stm32f10x_hd.o
                0x200011c0                pulStack
                0x20002000                __StackTop = (ORIGIN (ram) + LENGTH (ram))
                0x20001bfc                __StackLimit = (__StackTop - SIZEOF (.co_stack))
                [!provide]                PROVIDE (__stack = __StackTop)
                0x00000001                ASSERT ((__StackLimit >= __HeapLimit), region ram  overflowed with stack)
LOAD ..\obj\core_cm3.o
LOAD ..\obj\system_stm32f10x.o
LOAD ..\obj\startup_stm32f10x_hd.o
LOAD ..\obj\stm32f10x_gpio.o
LOAD ..\obj\main.o
LOAD ..\obj\picojpeg.o
LOAD ..\obj\stm32f10x_rcc.o
LOAD ..\obj\syscalls.o
LOAD ..\obj\ili9341.o
LOAD ..\obj\stm32f10x_spi.o
START GROUP
LOAD c:/program files (x86)/gnu arm embedded toolchain/10 2021.10/bin/../lib/gcc/arm-none-eabi/10.3.1/thumb/v7-m/nofp\libgcc.a
LOAD c:/program files (x86)/gnu arm embedded toolchain/10 2021.10/bin/../lib/gcc/arm-none-eabi/10.3.1/../../../../arm-none-eabi/lib/thumb/v7-m/nofp\libg.a
LOAD c:/program files (x86)/gnu arm embedded toolchain/10 2021.10/bin/../lib/gcc/arm-none-eabi/10.3.1/../../../../arm-none-eabi/lib/thumb/v7-m/nofp\libc.a
END GROUP
OUTPUT(jpeg-test.elf elf32-littlearm)
LOAD linker stubs

.debug_info     0x00000000     0x4f35
 .debug_info    0x00000000      0x40e ..\obj\system_stm32f10x.o
 .debug_info    0x0000040e       0xfb ..\obj\startup_stm32f10x_hd.o
 .debug_info    0x00000509      0x72e ..\obj\stm32f10x_gpio.o
 .debug_info    0x00000c37      0x916 ..\obj\main.o
 .debug_info    0x0000154d     0x1fc5 ..\obj\picojpeg.o
 .debug_info    0x00003512      0x967 ..\obj\stm32f10x_rcc.o
 .debug_info    0x00003e79      0x49e ..\obj\syscalls.o
 .debug_info    0x00004317      0xc1e ..\obj\ili9341.o

.debug_abbrev   0x00000000      0xde8
 .debug_abbrev  0x00000000      0x1ae ..\obj\system_stm32f10x.o
 .debug_abbrev  0x000001ae       0xb3 ..\obj\startup_stm32f10x_hd.o
 .debug_abbrev  0x00000261      0x1e9 ..\obj\stm32f10x_gpio.o
 .debug_abbrev  0x0000044a      0x1da ..\obj\main.o
 .debug_abbrev  0x00000624      0x291 ..\obj\picojpeg.o
 .debug_abbrev  0x000008b5      0x1d3 ..\obj\stm32f10x_rcc.o
 .debug_abbrev  0x00000a88      0x113 ..\obj\syscalls.o
 .debug_abbrev  0x00000b9b      0x24d ..\obj\ili9341.o

.debug_aranges  0x00000000      0x590
 .debug_aranges
                0x00000000       0x38 ..\obj\system_stm32f10x.o
 .debug_aranges
                0x00000038       0x28 ..\obj\startup_stm32f10x_hd.o
 .debug_aranges
                0x00000060       0xa8 ..\obj\stm32f10x_gpio.o
 .debug_aranges
                0x00000108       0x40 ..\obj\main.o
 .debug_aranges
                0x00000148      0x1f0 ..\obj\picojpeg.o
 .debug_aranges
                0x00000338      0x120 ..\obj\stm32f10x_rcc.o
 .debug_aranges
                0x00000458       0x60 ..\obj\syscalls.o
 .debug_aranges
                0x000004b8       0xd8 ..\obj\ili9341.o

.debug_ranges   0x00000000      0x588
 .debug_ranges  0x00000000       0x28 ..\obj\system_stm32f10x.o
 .debug_ranges  0x00000028       0x18 ..\obj\startup_stm32f10x_hd.o
 .debug_ranges  0x00000040       0x98 ..\obj\stm32f10x_gpio.o
 .debug_ranges  0x000000d8       0x60 ..\obj\main.o
 .debug_ranges  0x00000138      0x228 ..\obj\picojpeg.o
 .debug_ranges  0x00000360      0x110 ..\obj\stm32f10x_rcc.o
 .debug_ranges  0x00000470       0x50 ..\obj\syscalls.o
 .debug_ranges  0x000004c0       0xc8 ..\obj\ili9341.o

.debug_line     0x00000000     0x4482
 .debug_line    0x00000000      0x336 ..\obj\system_stm32f10x.o
 .debug_line    0x00000336       0xce ..\obj\startup_stm32f10x_hd.o
 .debug_line    0x00000404      0x5d0 ..\obj\stm32f10x_gpio.o
 .debug_line    0x000009d4      0x73c ..\obj\main.o
 .debug_line    0x00001110     0x21df ..\obj\picojpeg.o
 .debug_line    0x000032ef      0x791 ..\obj\stm32f10x_rcc.o
 .debug_line    0x00003a80      0x251 ..\obj\syscalls.o
 .debug_line    0x00003cd1      0x7b1 ..\obj\ili9341.o

.debug_str      0x00000000     0x1dde
 .debug_str     0x00000000      0x29f ..\obj\system_stm32f10x.o
                                0x306 (size before relaxing)
 .debug_str     0x0000029f       0xc0 ..\obj\startup_stm32f10x_hd.o
                                0x19d (size before relaxing)
 .debug_str     0x0000035f      0x3c5 ..\obj\stm32f10x_gpio.o
                                0x54b (size before relaxing)
 .debug_str     0x00000724      0x5f4 ..\obj\main.o
                                0x788 (size before relaxing)
 .debug_str     0x00000d18      0x86b ..\obj\picojpeg.o
                                0xdd3 (size before relaxing)
 .debug_str     0x00001583      0x427 ..\obj\stm32f10x_rcc.o
                                0x69f (size before relaxing)
 .debug_str     0x000019aa      0x18a ..\obj\syscalls.o
                                0x349 (size before relaxing)
 .debug_str     0x00001b34      0x2aa ..\obj\ili9341.o
                                0x58d (size before relaxing)

.comment        0x00000000       0x49
 .comment       0x00000000       0x49 ..\obj\system_stm32f10x.o
                                 0x4a (size before relaxing)
 .comment       0x00000049       0x4a ..\obj\startup_stm32f10x_hd.o
 .comment       0x00000049       0x4a ..\obj\stm32f10x_gpio.o
 .comment       0x00000049       0x4a ..\obj\main.o
 .comment       0x00000049       0x4a ..\obj\picojpeg.o
 .comment       0x00000049       0x4a ..\obj\stm32f10x_rcc.o
 .comment       0x00000049       0x4a ..\obj\syscalls.o
 .comment       0x00000049       0x4a ..\obj\ili9341.o

.ARM.attributes
                0x00000000       0x2b
 .ARM.attributes
                0x00000000       0x2d ..\obj\system_stm32f10x.o
 .ARM.attributes
                0x0000002d       0x2d ..\obj\startup_stm32f10x_hd.o
 .ARM.attributes
                0x0000005a       0x2d ..\obj\stm32f10x_gpio.o
 .ARM.attributes
                0x00000087       0x2d ..\obj\main.o
 .ARM.attributes
                0x000000b4       0x2d ..\obj\picojpeg.o
 .ARM.attributes
                0x000000e1       0x2d ..\obj\stm32f10x_rcc.o
 .ARM.attributes
                0x0000010e       0x2d ..\obj\syscalls.o
 .ARM.attributes
                0x0000013b       0x2d ..\obj\ili9341.o
 .ARM.attributes
                0x00000168       0x2d c:/program files (x86)/gnu arm embedded toolchain/10 2021.10/bin/../lib/gcc/arm-none-eabi/10.3.1/../../../../arm-none-eabi/lib/thumb/v7-m/nofp\libg.a(lib_a-malloc.o)
 .ARM.attributes
                0x00000195       0x2d c:/program files (x86)/gnu arm embedded toolchain/10 2021.10/bin/../lib/gcc/arm-none-eabi/10.3.1/../../../../arm-none-eabi/lib/thumb/v7-m/nofp\libg.a(lib_a-mallocr.o)
 .ARM.attributes
                0x000001c2       0x1b c:/program files (x86)/gnu arm embedded toolchain/10 2021.10/bin/../lib/gcc/arm-none-eabi/10.3.1/../../../../arm-none-eabi/lib/thumb/v7-m/nofp\libg.a(lib_a-memcpy.o)
 .ARM.attributes
                0x000001dd       0x2d c:/program files (x86)/gnu arm embedded toolchain/10 2021.10/bin/../lib/gcc/arm-none-eabi/10.3.1/../../../../arm-none-eabi/lib/thumb/v7-m/nofp\libg.a(lib_a-memset.o)
 .ARM.attributes
                0x0000020a       0x2d c:/program files (x86)/gnu arm embedded toolchain/10 2021.10/bin/../lib/gcc/arm-none-eabi/10.3.1/../../../../arm-none-eabi/lib/thumb/v7-m/nofp\libg.a(lib_a-mlock.o)
 .ARM.attributes
                0x00000237       0x2d c:/program files (x86)/gnu arm embedded toolchain/10 2021.10/bin/../lib/gcc/arm-none-eabi/10.3.1/../../../../arm-none-eabi/lib/thumb/v7-m/nofp\libg.a(lib_a-sbrkr.o)
 .ARM.attributes
                0x00000264       0x2d c:/program files (x86)/gnu arm embedded toolchain/10 2021.10/bin/../lib/gcc/arm-none-eabi/10.3.1/../../../../arm-none-eabi/lib/thumb/v7-m/nofp\libg.a(lib_a-freer.o)
 .ARM.attributes
                0x00000291       0x2d c:/program files (x86)/gnu arm embedded toolchain/10 2021.10/bin/../lib/gcc/arm-none-eabi/10.3.1/../../../../arm-none-eabi/lib/thumb/v7-m/nofp\libg.a(lib_a-impure.o)
 .ARM.attributes
                0x000002be       0x2d c:/program files (x86)/gnu arm embedded toolchain/10 2021.10/bin/../lib/gcc/arm-none-eabi/10.3.1/../../../../arm-none-eabi/lib/thumb/v7-m/nofp\libg.a(lib_a-lock.o)
 .ARM.attributes
                0x000002eb       0x2d c:/program files (x86)/gnu arm embedded toolchain/10 2021.10/bin/../lib/gcc/arm-none-eabi/10.3.1/../../../../arm-none-eabi/lib/thumb/v7-m/nofp\libg.a(lib_a-reent.o)

.debug_frame    0x00000000     0x19fc
 .debug_frame   0x00000000       0x98 ..\obj\system_stm32f10x.o
 .debug_frame   0x00000098       0x4c ..\obj\startup_stm32f10x_hd.o
 .debug_frame   0x000000e4      0x2d0 ..\obj\stm32f10x_gpio.o
 .debug_frame   0x000003b4       0xec ..\obj\main.o
 .debug_frame   0x000004a0      0x8b8 ..\obj\picojpeg.o
 .debug_frame   0x00000d58      0x51c ..\obj\stm32f10x_rcc.o
 .debug_frame   0x00001274      0x168 ..\obj\syscalls.o
 .debug_frame   0x000013dc      0x37c ..\obj\ili9341.o
 .debug_frame   0x00001758       0x30 c:/program files (x86)/gnu arm embedded toolchain/10 2021.10/bin/../lib/gcc/arm-none-eabi/10.3.1/../../../../arm-none-eabi/lib/thumb/v7-m/nofp\libg.a(lib_a-malloc.o)
 .debug_frame   0x00001788       0x4c c:/program files (x86)/gnu arm embedded toolchain/10 2021.10/bin/../lib/gcc/arm-none-eabi/10.3.1/../../../../arm-none-eabi/lib/thumb/v7-m/nofp\libg.a(lib_a-mallocr.o)
 .debug_frame   0x000017d4       0x2c c:/program files (x86)/gnu arm embedded toolchain/10 2021.10/bin/../lib/gcc/arm-none-eabi/10.3.1/../../../../arm-none-eabi/lib/thumb/v7-m/nofp\libg.a(lib_a-memset.o)
 .debug_frame   0x00001800       0x30 c:/program files (x86)/gnu arm embedded toolchain/10 2021.10/bin/../lib/gcc/arm-none-eabi/10.3.1/../../../../arm-none-eabi/lib/thumb/v7-m/nofp\libg.a(lib_a-mlock.o)
 .debug_frame   0x00001830       0x2c c:/program files (x86)/gnu arm embedded toolchain/10 2021.10/bin/../lib/gcc/arm-none-eabi/10.3.1/../../../../arm-none-eabi/lib/thumb/v7-m/nofp\libg.a(lib_a-sbrkr.o)
 .debug_frame   0x0000185c       0x8c c:/program files (x86)/gnu arm embedded toolchain/10 2021.10/bin/../lib/gcc/arm-none-eabi/10.3.1/../../../../arm-none-eabi/lib/thumb/v7-m/nofp\libg.a(lib_a-freer.o)
 .debug_frame   0x000018e8       0xb0 c:/program files (x86)/gnu arm embedded toolchain/10 2021.10/bin/../lib/gcc/arm-none-eabi/10.3.1/../../../../arm-none-eabi/lib/thumb/v7-m/nofp\libg.a(lib_a-lock.o)
 .debug_frame   0x00001998       0x64 c:/program files (x86)/gnu arm embedded toolchain/10 2021.10/bin/../lib/gcc/arm-none-eabi/10.3.1/../../../../arm-none-eabi/lib/thumb/v7-m/nofp\libg.a(lib_a-reent.o)
